---
source: ranger/tests/capability.rs
expression: capabilities
---
Capabilities {
    values: [
        VirtualMachine,
    ],
}
