---
source: ranger/tests/node.rs
expression: node_id
---
NodeIdentifier {
    identifier: Some(
        Identifier {
            value: "Some UUID",
        },
    ),
    node_type: Vm,
}
