---
source: ranger/tests/node.rs
expression: result.unwrap_err()
---
"Failed to create node"
