---
source: ranger/tests/template.rs
expression: template_id
---
Identifier {
    value: "Some UUID",
}
