---
source: ranger/tests/templater.rs
expression: template_id
---
Identifier {
    value: "Some UUID",
}
