---
source: ranger/src/configuration.rs
expression: configuration
---
host: localhost
port: 8080
deployers:
  my-machiner-deployer: "http://ranger-vmware-machiner:9999"
  my-switch-deployer: "http://ranger-vmware-switcher:9999"
  ungrouped-deployer: "http://some-vmware-deployer:9999"
deployment_groups:
  my-cool-group:
    - my-machiner-deployer
    - my-switch-deployer

